

  Helper Functions
    readAttemptsJSON
      1) "before each" hook for "should read and parse Attempts.json"
      2) "after each" hook for "should read and parse Attempts.json"

  Controller Functions
    GetAttemptsByUsername
      3) "before each" hook for "should return attempts for the given username"
      4) "after each" hook for "should return attempts for the given username"

  Question Controller
    GetQuestions
      ✔ should return all available questions
    GetQuestionsById
      ✔ should return a specific question by ID
      ✔ should return an error if question ID is not found
      ✔ should return an error if question ID is not a valid number

  userController tests
    AddStudent
      ✔ successfully adds a new student
      ✔ returns error if username or studentId is missing
      ✔ returns error if username or studentId already exists
    GetStudents
      ✔ returns all registered students
      ✔ returns an empty array if no users are present


  9 passing (21ms)
  4 failing

  1) Helper Functions
       "before each" hook for "should read and parse Attempts.json":
     ReferenceError: sinon is not defined
      at Context.<anonymous> (file:///Users/timothyfang/Documents/Computer%20Science%20Repositories/Project-Groups-20-Lab-C/backend/test/attemptController.test.mjs:73:5)
      at process.processImmediate (node:internal/timers:483:21)

  2) Helper Functions
       "after each" hook for "should read and parse Attempts.json":
     ReferenceError: sinon is not defined
      at Context.<anonymous> (file:///Users/timothyfang/Documents/Computer%20Science%20Repositories/Project-Groups-20-Lab-C/backend/test/attemptController.test.mjs:96:5)
      at process.processImmediate (node:internal/timers:483:21)

  3) Controller Functions
       "before each" hook for "should return attempts for the given username":
     ReferenceError: sinon is not defined
      at Context.<anonymous> (file:///Users/timothyfang/Documents/Computer%20Science%20Repositories/Project-Groups-20-Lab-C/backend/test/attemptController.test.mjs:276:5)
      at process.processImmediate (node:internal/timers:483:21)

  4) Controller Functions
       "after each" hook for "should return attempts for the given username":
     ReferenceError: sinon is not defined
      at Context.<anonymous> (file:///Users/timothyfang/Documents/Computer%20Science%20Repositories/Project-Groups-20-Lab-C/backend/test/attemptController.test.mjs:308:5)
      at process.processImmediate (node:internal/timers:483:21)



